// Jest Snapshot v1, https://goo.gl/fbAQLP

exports[`React All 1`] = `
<code-block
  controls={true}
  label="hoge"
  language="js"
>
  <textarea>
    <script>
      const hoge = 100; console.log(100);
    </script>
  </textarea>
</code-block>
`;

exports[`React JSON 1`] = `
<code-block
  language="json"
>
  {
            "hoge": 100
          }
</code-block>
`;

exports[`React Simple 1`] = `<code-block />`;
